Python 3.2.2 (default, Sep  4 2011, 09:51:08) [MSC v.1500 32 bit (Intel)] on win32
Type "copyright", "credits" or "license()" for more information.
>>> import random
import time


>>> import random
>>> import time
>>> rock=1
>>> paper=2
>>> scissors=3
>>> 
>>> names = {rock: "Rock", paper: "paper", scissors: "Scissors"}
>>> 
>>> rules = {rock:scissors, paper:rock, scissors:paper}
>>> 
>>> 
KeyboardInterrupt
>>> player_score = 0
>>> computer_score = 0
>>> 
>>> def start ():
	print ("Lets play a game of Rock, Paper, Scissors")
	while game ():
		pass
	scores()

	
>>> def game():
	player = move()
	computer= randint(1,3)
	result(player, computer)
	return play_again()

>>> def move():
	while True:
		print
		player=raw_input("Rock =1\nPaper = 2\nScissors = 3\nMake a move:")
		try:
			player = int(player)
			if player in (1,2,3):
				return player
		except ValueError:
			pass
		print("Oops! I didnt understand that. Please enter 1, 2, or 3.")

		
>>> def result(palyer, computer):
	print("1...")
	time.sleep(1)
	print("2...")
	time.sleep(1)
	print("3!")
	time.sleep(0.5)
	print("computer threw {0}!".format(names[computer]))
	global player_score,computer_score
	if player == computer:
		print("Tie game")
	else:
		if rules[player] == computer:
			print("Your victory has been assured.")
			player_score += 1
		else:
			print("The computer laughs as you realize that you have been defeated.")
			computer_score += 1

			
>>> def play_again():
	answer = raw_input("Would you like to play again? Yes/No:")
	if answer in("y", "Y", "yes", "Yes", "of course!", "sure"):
		return answer
	else:
		print("Thank you for playing our game! See you next time!")

		
>>> def scores():
	global player_score, computer_score
	print("HIGH SCORES")
	print("player:", player_score)
	print("computer:", computer_score)

	
>>> if __name__== '__main__':
	start()

	
Lets play a game of Rock, Paper, Scissors
Traceback (most recent call last):
  File "<pyshell#28>", line 2, in <module>
    start()
  File "<pyshell#15>", line 3, in start
    while game ():
  File "<pyshell#17>", line 2, in game
    player = move()
  File "<pyshell#19>", line 4, in move
    player=raw_input("Rock =1\nPaper = 2\nScissors = 3\nMake a move:")
NameError: global name 'raw_input' is not defined
>>> def play_again():
	answer = input("Would you like to play again? Yes/No:")
	if answer in("y", "Y", "yes", "Yes", "of course!", "sure"):
		return answer
	else:
		print("Thank you for playing our game! See you next time!")

		
>>> def move():
	while True:
		print
		player=input("Rock =1\nPaper = 2\nScissors = 3\nMake a move:")
		try:
			player = int(player)
			if player in (1,2,3):
				return player
		except ValueError:
			pass
		print("Oops! I didnt understand that. Please enter 1, 2, or 3.")

		
>>> def game():
	player = move()
	computer= random.randint(1,3)
	result(player, computer)
	return play_again()
start()
SyntaxError: invalid syntax
>>> SyntaxError: invalid syntax
SyntaxError: invalid syntax
>>> def start ():
	print ("Lets play a game of Rock, Paper, Scissors")
	while game ():
		pass
	scores()

	
>>> start()
Lets play a game of Rock, Paper, Scissors
Rock =1
Paper = 2
Scissors = 3
Make a move:1
Traceback (most recent call last):
  File "<pyshell#38>", line 1, in <module>
    start()
  File "<pyshell#37>", line 3, in start
    while game ():
  File "<pyshell#17>", line 3, in game
    computer= randint(1,3)
NameError: global name 'randint' is not defined
>>> import random
>>> def game():
	player = move()
	computer= random.randint(1,3)
	result(player, computer)
	return play_again()

>>> start()
Lets play a game of Rock, Paper, Scissors
Rock =1
Paper = 2
Scissors = 3
Make a move:1
1...
2...
3!
computer threw Rock!
Traceback (most recent call last):
  File "<pyshell#42>", line 1, in <module>
    start()
  File "<pyshell#37>", line 3, in start
    while game ():
  File "<pyshell#41>", line 4, in game
    result(player, computer)
  File "<pyshell#21>", line 10, in result
    if player == computer:
NameError: global name 'player' is not defined
>>> 
start()
Lets play a game of Rock, Paper, Scissors
Rock =1
Paper = 2
Scissors = 3
Make a move:1
1...
2...
3!
computer threw Rock!
Traceback (most recent call last):
  File "<pyshell#43>", line 2, in <module>
    start()
  File "<pyshell#37>", line 3, in start
    while game ():
  File "<pyshell#41>", line 4, in game
    result(player, computer)
  File "<pyshell#21>", line 10, in result
    if player == computer:
NameError: global name 'player' is not defined
>>> player=move()
Rock =1
Paper = 2
Scissors = 3
Make a move:1
>>> 
>>> player=move()
Rock =1
Paper = 2
Scissors = 3
Make a move:1
>>> start()
Lets play a game of Rock, Paper, Scissors
Rock =1
Paper = 2
Scissors = 3
Make a move:1
1...
2...
3!
computer threw Rock!
Tie game
Would you like to play again? Yes/No:yes
Rock =1
Paper = 2
Scissors = 3
Make a move:1
1...
2...
3!
computer threw Scissors!
Your victory has been assured.
Would you like to play again? Yes/No:no
Thank you for playing our game! See you next time!
HIGH SCORES
player: 1
computer: 0
>>> start()
Lets play a game of Rock, Paper, Scissors
Rock =1
Paper = 2
Scissors = 3
Make a move:2
1...
2...
3!
computer threw paper!
The computer laughs as you realize that you have been defeated.
Would you like to play again? Yes/No:no
Thank you for playing our game! See you next time!
HIGH SCORES
player: 1
computer: 1
>>> 
